// Jest Snapshot v1, https://goo.gl/fbAQLP

exports[`Entry structure snapshot keeps the data structure consistent 1`] = `
{
  "caption": "Drei Tage durchgecodet",
  "date": "2024-09-17",
  "event": "Coding Marathon",
  "id": 1,
  "lessonsLearned": "Mehr Pausen machen",
  "negativeReflections": "Kaum geschlafen",
  "picture": "snapshot.png",
  "positiveReflections": "Viel geschafft",
  "title": "Snapshot 👀",
}
`;
